{"method":"POST","url":"/api/user/register","status":201,"date":"2025-03-28T13:22:46.577Z"}
{"method":"POST","url":"/api/user/login","status":409,"date":"2025-03-28T13:31:44.209Z"}
{"method":"POST","url":"/api/user/login","status":500,"date":"2025-03-28T13:31:49.057Z"}
{"method":"POST","url":"/api/user/login","status":409,"date":"2025-03-28T13:32:40.814Z"}
{"method":"POST","url":"/api/user/login","status":200,"date":"2025-03-28T13:32:44.555Z"}
{"method":"POST","url":"/api/user/login","status":409,"date":"2025-03-28T13:32:50.099Z"}
{"method":"POST","url":"/api/user/login","status":200,"date":"2025-03-28T13:32:53.146Z"}
{"method":"GET","url":"/api/post/create","status":404,"date":"2025-03-28T14:07:37.393Z"}
{"method":"POST","url":"/api/post/create","status":400,"date":"2025-03-28T14:11:31.543Z"}
{"method":"POST","url":"/api/post/create","status":500,"date":"2025-03-28T14:11:45.265Z"}
{"method":"POST","url":"/api/post/create","status":409,"date":"2025-03-28T14:12:29.250Z"}
{"method":"POST","url":"/api/post/create","status":201,"date":"2025-03-28T14:14:39.713Z"}
{"method":"POST","url":"/api/post/create","status":201,"date":"2025-03-28T14:16:04.466Z"}
{"method":"POST","url":"/api/user/login","status":409,"date":"2025-03-28T15:19:26.503Z"}
{"method":"POST","url":"/api/user/register","status":201,"date":"2025-03-28T15:19:35.072Z"}
{"method":"GET","url":"/admin/user/list","status":403,"date":"2025-03-28T15:20:34.577Z"}
{"method":"GET","url":"/admin/user/list","status":500,"date":"2025-03-28T15:22:47.933Z"}
{"method":"GET","url":"/admin/user/list","status":403,"date":"2025-03-28T15:23:16.751Z"}
{"method":"GET","url":"/admin/user/list","status":200,"date":"2025-03-28T15:23:50.641Z"}
{"method":"GET","url":"/admin/user/list","status":200,"date":"2025-03-28T15:25:18.089Z"}
{"method":"GET","url":"/admin/user/list","status":200,"date":"2025-03-28T15:27:11.234Z"}
{"method":"POST","url":"/api/post/create","status":409,"date":"2025-03-28T15:36:52.998Z"}
{"method":"POST","url":"/api/post/create","status":201,"date":"2025-03-28T15:38:28.206Z"}
{"method":"DELETE","url":"/admin/user/ban","status":201,"date":"2025-03-28T16:23:50.954Z"}
{"method":"GET","url":"/api/post/details?postId=67e6c27489e782ba1acc2f41","status":200,"date":"2025-03-28T16:43:57.278Z"}
